// Jest Snapshot v1, https://goo.gl/fbAQLP

exports[`strategy tab placeholder snapshot 1`] = `
<div
  class="bg-white rounded-xl shadow p-4"
>
  <h2
    class="text-2xl font-semibold mb-2 text-amber-400"
  >
    Strategy
  </h2>
  <div
    class="h-40 flex items-center justify-center text-gray-400"
  >
    [Financial Strategy Recommendations & Scenarios]
  </div>
</div>
`;
